..................                                                       [100%]
============================== warnings summary ===============================
apps\analytics\services.py:9
  I:\karlancer_project_django\New folder (2)\asoud-backend-finial-main\apps\analytics\services.py:9: DeprecationWarning: 
  Pyarrow will become a required dependency of pandas in the next major release of pandas (pandas 3.0),
  (to allow more performant data types, such as the Arrow string type, and better interoperability with other libraries)
  but was not found to be installed on your system.
  If this would cause problems for you,
  please provide us feedback at https://github.com/pandas-dev/pandas/issues/54466
          
    import pandas as pd

apps/cart/tests/test_idor_fixes.py: 17 warnings
  C:\Users\IDS\AppData\Local\Programs\Python\Python310\lib\site-packages\django\core\handlers\base.py:61: UserWarning: No directory at: I:\karlancer_project_django\New folder (2)\asoud-backend-finial-main\staticfiles\
    mw_instance = middleware(adapted_handler)

apps/cart/tests/test_idor_fixes.py::SecurityTestCase::test_invalid_uuid_returns_404
  C:\Users\IDS\AppData\Local\Programs\Python\Python310\lib\site-packages\django_comments\forms.py:103: RemovedInDjango60Warning: The default scheme will be changed from 'http' to 'https' in Django 6.0. Pass the forms.URLField.assume_scheme argument to silence this warning, or set the FORMS_URLFIELD_ASSUME_HTTPS transitional setting to True to opt into using 'https' as the new default scheme.
    url = forms.URLField(label=_("URL"), required=False)

-- Docs: https://docs.pytest.org/en/stable/how-to/capture-warnings.html
18 passed, 19 warnings in 20.47s
